  console.log
    [dotenv@17.2.3] injecting env (8) from .env -- tip: Ô£à audit secrets and track compliance: https://dotenvx.com/ops

      at _log (node_modules/dotenv/lib/main.js:142:11)

  console.log
    prisma:error 
    Invalid `prisma.cuentaUsuario.findUnique()` invocation in
    C:\Users\joaco\Desktop\forever\backend\src\services\auth.service.ts:18:47
    
      15 
      16 export class AuthService {
      17   async login(data: LoginDTO): Promise<AuthResponse> {
    ÔåÆ 18     const cuenta = await prisma.cuentaUsuario.findUnique(
    Can't reach database server at `localhost:5432`
    
    Please make sure your database server is running at `localhost:5432`.

      at Object.mc (node_modules/@prisma/client/runtime/library.js:21:432)

  console.error
    Error: PrismaClientInitializationError: 
    Invalid `prisma.cuentaUsuario.findUnique()` invocation in
    C:\Users\joaco\Desktop\forever\backend\src\services\auth.service.ts:18:47
    
      15 
      16 export class AuthService {
      17   async login(data: LoginDTO): Promise<AuthResponse> {
    ÔåÆ 18     const cuenta = await prisma.cuentaUsuario.findUnique(
    Can't reach database server at `localhost:5432`
    
    Please make sure your database server is running at `localhost:5432`.
        at $n.handleRequestError (C:\Users\joaco\Desktop\forever\backend\node_modules\@prisma\client\runtime\library.js:121:7615)
        at $n.handleAndLogRequestError (C:\Users\joaco\Desktop\forever\backend\node_modules\@prisma\client\runtime\library.js:121:6623)
        at $n.request (C:\Users\joaco\Desktop\forever\backend\node_modules\@prisma\client\runtime\library.js:121:6307)
        at l (C:\Users\joaco\Desktop\forever\backend\node_modules\@prisma\client\runtime\library.js:130:9633)
        at AuthService.login (C:\Users\joaco\Desktop\forever\backend\src\services\auth.service.ts:18:20)
        at AuthController.login (C:\Users\joaco\Desktop\forever\backend\src\controllers\auth.controller.ts:11:22) {
      clientVersion: '5.22.0',
      errorCode: undefined
    }

    [0m [90m 10 |[39m   _next[33m:[39m [33mNextFunction[39m
     [90m 11 |[39m )[33m:[39m [36mvoid[39m [33m=>[39m {
    [31m[1m>[22m[39m[90m 12 |[39m   console[33m.[39merror([32m'Error:'[39m[33m,[39m err)[33m;[39m
     [90m    |[39m           [31m[1m^[22m[39m
     [90m 13 |[39m
     [90m 14 |[39m   [90m// Errores de aplicaci├│n personalizados[39m
     [90m 15 |[39m   [36mif[39m (err [36minstanceof[39m [33mAppError[39m) {[0m

      at errorHandler (src/middlewares/error.middleware.ts:12:11)
      at Layer.handleError (node_modules/router/lib/layer.js:116:17)
      at trimPrefix (node_modules/router/index.js:340:13)
      at node_modules/router/index.js:297:9
      at processParams (node_modules/router/index.js:582:12)
      at next (node_modules/router/index.js:291:5)
      at Layer.handleError (node_modules/router/lib/layer.js:111:12)
      at trimPrefix (node_modules/router/index.js:340:13)
      at node_modules/router/index.js:297:9
      at processParams (node_modules/router/index.js:582:12)
      at next (node_modules/router/index.js:291:5)
      at node_modules/router/index.js:688:15
      at next (node_modules/router/index.js:276:14)
      at node_modules/router/index.js:688:15
      at next (node_modules/router/index.js:276:14)
      at next (node_modules/router/lib/route.js:132:14)
      at AuthController.login (src/controllers/auth.controller.ts:14:7)

  console.log
    prisma:error 
    Invalid `prisma.cuentaUsuario.findUnique()` invocation in
    C:\Users\joaco\Desktop\forever\backend\src\services\auth.service.ts:18:47
    
      15 
      16 export class AuthService {
      17   async login(data: LoginDTO): Promise<AuthResponse> {
    ÔåÆ 18     const cuenta = await prisma.cuentaUsuario.findUnique(
    Can't reach database server at `localhost:5432`
    
    Please make sure your database server is running at `localhost:5432`.

      at Object.mc (node_modules/@prisma/client/runtime/library.js:21:432)

  console.error
    Error: PrismaClientInitializationError: 
    Invalid `prisma.cuentaUsuario.findUnique()` invocation in
    C:\Users\joaco\Desktop\forever\backend\src\services\auth.service.ts:18:47
    
      15 
      16 export class AuthService {
      17   async login(data: LoginDTO): Promise<AuthResponse> {
    ÔåÆ 18     const cuenta = await prisma.cuentaUsuario.findUnique(
    Can't reach database server at `localhost:5432`
    
    Please make sure your database server is running at `localhost:5432`.
        at $n.handleRequestError (C:\Users\joaco\Desktop\forever\backend\node_modules\@prisma\client\runtime\library.js:121:7615)
        at $n.handleAndLogRequestError (C:\Users\joaco\Desktop\forever\backend\node_modules\@prisma\client\runtime\library.js:121:6623)
        at $n.request (C:\Users\joaco\Desktop\forever\backend\node_modules\@prisma\client\runtime\library.js:121:6307)
        at l (C:\Users\joaco\Desktop\forever\backend\node_modules\@prisma\client\runtime\library.js:130:9633)
        at AuthService.login (C:\Users\joaco\Desktop\forever\backend\src\services\auth.service.ts:18:20)
        at AuthController.login (C:\Users\joaco\Desktop\forever\backend\src\controllers\auth.controller.ts:11:22) {
      clientVersion: '5.22.0',
      errorCode: undefined
    }

    [0m [90m 10 |[39m   _next[33m:[39m [33mNextFunction[39m
     [90m 11 |[39m )[33m:[39m [36mvoid[39m [33m=>[39m {
    [31m[1m>[22m[39m[90m 12 |[39m   console[33m.[39merror([32m'Error:'[39m[33m,[39m err)[33m;[39m
     [90m    |[39m           [31m[1m^[22m[39m
     [90m 13 |[39m
     [90m 14 |[39m   [90m// Errores de aplicaci├│n personalizados[39m
     [90m 15 |[39m   [36mif[39m (err [36minstanceof[39m [33mAppError[39m) {[0m

      at errorHandler (src/middlewares/error.middleware.ts:12:11)
      at Layer.handleError (node_modules/router/lib/layer.js:116:17)
      at trimPrefix (node_modules/router/index.js:340:13)
      at node_modules/router/index.js:297:9
      at processParams (node_modules/router/index.js:582:12)
      at next (node_modules/router/index.js:291:5)
      at Layer.handleError (node_modules/router/lib/layer.js:111:12)
      at trimPrefix (node_modules/router/index.js:340:13)
      at node_modules/router/index.js:297:9
      at processParams (node_modules/router/index.js:582:12)
      at next (node_modules/router/index.js:291:5)
      at node_modules/router/index.js:688:15
      at next (node_modules/router/index.js:276:14)
      at node_modules/router/index.js:688:15
      at next (node_modules/router/index.js:276:14)
      at next (node_modules/router/lib/route.js:132:14)
      at AuthController.login (src/controllers/auth.controller.ts:14:7)

  console.log
    prisma:error 
    Invalid `prisma.cuentaUsuario.findUnique()` invocation in
    C:\Users\joaco\Desktop\forever\backend\src\services\auth.service.ts:18:47
    
      15 
      16 export class AuthService {
      17   async login(data: LoginDTO): Promise<AuthResponse> {
    ÔåÆ 18     const cuenta = await prisma.cuentaUsuario.findUnique(
    Can't reach database server at `localhost:5432`
    
    Please make sure your database server is running at `localhost:5432`.

      at Object.mc (node_modules/@prisma/client/runtime/library.js:21:432)

  console.error
    Error: PrismaClientInitializationError: 
    Invalid `prisma.cuentaUsuario.findUnique()` invocation in
    C:\Users\joaco\Desktop\forever\backend\src\services\auth.service.ts:18:47
    
      15 
      16 export class AuthService {
      17   async login(data: LoginDTO): Promise<AuthResponse> {
    ÔåÆ 18     const cuenta = await prisma.cuentaUsuario.findUnique(
    Can't reach database server at `localhost:5432`
    
    Please make sure your database server is running at `localhost:5432`.
        at $n.handleRequestError (C:\Users\joaco\Desktop\forever\backend\node_modules\@prisma\client\runtime\library.js:121:7615)
        at $n.handleAndLogRequestError (C:\Users\joaco\Desktop\forever\backend\node_modules\@prisma\client\runtime\library.js:121:6623)
        at $n.request (C:\Users\joaco\Desktop\forever\backend\node_modules\@prisma\client\runtime\library.js:121:6307)
        at l (C:\Users\joaco\Desktop\forever\backend\node_modules\@prisma\client\runtime\library.js:130:9633)
        at AuthService.login (C:\Users\joaco\Desktop\forever\backend\src\services\auth.service.ts:18:20)
        at AuthController.login (C:\Users\joaco\Desktop\forever\backend\src\controllers\auth.controller.ts:11:22) {
      clientVersion: '5.22.0',
      errorCode: undefined
    }

    [0m [90m 10 |[39m   _next[33m:[39m [33mNextFunction[39m
     [90m 11 |[39m )[33m:[39m [36mvoid[39m [33m=>[39m {
    [31m[1m>[22m[39m[90m 12 |[39m   console[33m.[39merror([32m'Error:'[39m[33m,[39m err)[33m;[39m
     [90m    |[39m           [31m[1m^[22m[39m
     [90m 13 |[39m
     [90m 14 |[39m   [90m// Errores de aplicaci├│n personalizados[39m
     [90m 15 |[39m   [36mif[39m (err [36minstanceof[39m [33mAppError[39m) {[0m

      at errorHandler (src/middlewares/error.middleware.ts:12:11)
      at Layer.handleError (node_modules/router/lib/layer.js:116:17)
      at trimPrefix (node_modules/router/index.js:340:13)
      at node_modules/router/index.js:297:9
      at processParams (node_modules/router/index.js:582:12)
      at next (node_modules/router/index.js:291:5)
      at Layer.handleError (node_modules/router/lib/layer.js:111:12)
      at trimPrefix (node_modules/router/index.js:340:13)
      at node_modules/router/index.js:297:9
      at processParams (node_modules/router/index.js:582:12)
      at next (node_modules/router/index.js:291:5)
      at node_modules/router/index.js:688:15
      at next (node_modules/router/index.js:276:14)
      at node_modules/router/index.js:688:15
      at next (node_modules/router/index.js:276:14)
      at next (node_modules/router/lib/route.js:132:14)
      at AuthController.login (src/controllers/auth.controller.ts:14:7)

  console.log
    Ô£à Acceso sin token rechazado

      at Object.<anonymous> (src/__tests__/integration/api.integration.test.ts:75:21)

  console.log
    Ô£à Deportista no puede crear disciplinas (403)

      at Object.<anonymous> (src/__tests__/integration/api.integration.test.ts:135:21)

  console.log
    Ô£à Deportista no puede asignar cuotas (403)

      at Object.<anonymous> (src/__tests__/integration/api.integration.test.ts:266:21)

  console.log
    Ô£à Deportista no puede listar grupos (403)

      at Object.<anonymous> (src/__tests__/integration/api.integration.test.ts:292:21)

  console.log
    Ô£à Deportista no puede listar usuarios (403)

      at Object.<anonymous> (src/__tests__/integration/api.integration.test.ts:346:21)

  console.log
    Ô£à Deportista no puede generar cuotas (403)

      at Object.<anonymous> (src/__tests__/integration/api.integration.test.ts:389:21)

node.exe : FAIL 
src/__tests__/integration/api.integration.test.ts 
(14.74 s)
En C:\Program Files\nodejs\npx.ps1: 29 Carácter: 3
+   & $NODE_EXE $NPX_CLI_JS $args
+   ~~~~~~~~~~~~~~~~~~~~~~~~~~~~~
    + CategoryInfo          : NotSpecified: (FAIL src 
   /__test...st.ts (14.74 s):String) [], RemoteExcep  
  tion
    + FullyQualifiedErrorId : NativeCommandError
 
  Tests de API con datos del Seed
    Auth - Login
      ├ù deberia hacer login como admin (4214 ms)
      ├ù deberia hacer login como deportista (4184 ms)
      ├ù deberia rechazar login con credenciales 
incorrectas (4105 ms)
      ÔêÜ deberia rechazar acceso sin token (14 ms)
      ├ù deberia obtener perfil con token v├ílido (16 
ms)
    Disciplinas
      ├ù deberia listar disciplinas (cualquier 
usuario autenticado) (11 ms)
      ├ù deberia crear disciplina (solo admin) o 
devolver 409 si ya existe (10 ms)
      ÔêÜ deportista NO deberia poder crear 
disciplina (12 ms)
    Deportistas
      ├ù admin deberia listar deportistas (11 ms)
      ├ù deportista deberia ver su propio perfil (9 
ms)
      ├ù deberia buscar deportista por DNI (11 ms)
      ├ù deberia filtrar deportistas por estado (8 ms)
    Cuotas
      ├ù deportista deberia ver su estado de cuenta 
(12 ms)
      ├ù deberia obtener cuotas predefinidas (12 ms)
      ├ù admin deberia poder asignar cuota o devolver 
409 si ya existe (14 ms)
      ÔêÜ deportista NO deberia poder asignar cuotas 
(21 ms)
    Grupos Familiares
      ├ù admin deberia listar grupos familiares (13 
ms)
      ÔêÜ deportista NO deberia poder listar grupos 
familiares (7 ms)
    Pagos
      ├ù deportista deberia ver sus propios pagos (12 
ms)
      ├ù admin deberia poder consultar pagos de un 
deportista (12 ms)
    Users
      ├ù admin deberia listar usuarios (13 ms)
      ÔêÜ deportista NO deberia poder listar usuarios 
(8 ms)
      ├ù usuario deberia poder ver su perfil (12 ms)
    Generaci├│n Mensual de Cuotas
      ├ù admin deberia poder generar cuotas mensuales 
(21 ms)
      ÔêÜ deportista NO deberia poder generar cuotas 
(15 ms)
      ├ù deberia validar mes y a├▒o (16 ms)

  ÔùÅ Tests de API con datos del Seed ÔÇ║ Auth - 
Login ÔÇ║ deberia hacer login como admin

    expect(received).toBe(expected) // Object.is 
equality

    Expected: 200
    Received: 500

    [0m [90m 36 |[39m                 
[33m.[39msend(adminCredentials)[33m;[39m
     [90m 37 |[39m
    [31m[1m>[22m[39m[90m 38 |[39m             ex
pect(response[33m.[39mstatus)[33m.[39mtoBe([35m20
0[39m)[33m;[39m
     [90m    |[39m                                  
   [31m[1m^[22m[39m
     [90m 39 |[39m             expect(response[33m.
[39mbody[33m.[39msuccess)[33m.[39mtoBe([36mtrue
[39m)[33m;[39m
     [90m 40 |[39m             expect(response[33m.
[39mbody[33m.[39mdata[33m.[39mtoken)[33m.[39mto
BeDefined()[33m;[39m
     [90m 41 |[39m             expect(response[33m.
[39mbody[33m.[39mdata[33m.[39muser[33m.[39mrol)
[33m.[39mtoBe([33mRol[39m[33m.[39m[33mADMIN[39
m)[33m;[39m[0m

      at Object.<anonymous> (src/__tests__/integration
/api.integration.test.ts:38:37)

  ÔùÅ Tests de API con datos del Seed ÔÇ║ Auth - 
Login ÔÇ║ deberia hacer login como deportista

    expect(received).toBe(expected) // Object.is 
equality

    Expected: 200
    Received: 500

    [0m [90m 50 |[39m                 
[33m.[39msend(deportistaCredentials)[33m;[39m
     [90m 51 |[39m
    [31m[1m>[22m[39m[90m 52 |[39m             ex
pect(response[33m.[39mstatus)[33m.[39mtoBe([35m20
0[39m)[33m;[39m
     [90m    |[39m                                  
   [31m[1m^[22m[39m
     [90m 53 |[39m             expect(response[33m.
[39mbody[33m.[39msuccess)[33m.[39mtoBe([36mtrue
[39m)[33m;[39m
     [90m 54 |[39m             expect(response[33m.
[39mbody[33m.[39mdata[33m.[39mtoken)[33m.[39mto
BeDefined()[33m;[39m
     [90m 55 |[39m             expect(response[33m.
[39mbody[33m.[39mdata[33m.[39muser[33m.[39mrol)
[33m.[39mtoBe([33mRol[39m[33m.[39m[33mDEPORTIST
A[39m)[33m;[39m[0m

      at Object.<anonymous> (src/__tests__/integration
/api.integration.test.ts:52:37)

  ÔùÅ Tests de API con datos del Seed ÔÇ║ Auth - 
Login ÔÇ║ deberia rechazar login con credenciales 
incorrectas

    expect(received).toBe(expected) // Object.is 
equality

    Expected: 401
    Received: 500

    [0m [90m 64 |[39m                 
[33m.[39msend({ email[33m:[39m 
[32m'admin@club.com'[39m[33m,[39m 
password[33m:[39m [32m'incorrecta'[39m 
})[33m;[39m
     [90m 65 |[39m
    [31m[1m>[22m[39m[90m 66 |[39m             ex
pect(response[33m.[39mstatus)[33m.[39mtoBe([35m40
1[39m)[33m;[39m
     [90m    |[39m                                  
   [31m[1m^[22m[39m
     [90m 67 |[39m             expect(response[33m.
[39mbody[33m.[39msuccess)[33m.[39mtoBe([36mfalse
[39m)[33m;[39m
     [90m 68 |[39m             
console[33m.[39mlog([32m'Ô£à Login rechazado 
correctamente'[39m)[33m;[39m
     [90m 69 |[39m         })[33m;[39m[0m

      at Object.<anonymous> (src/__tests__/integration
/api.integration.test.ts:66:37)

  ÔùÅ Tests de API con datos del Seed ÔÇ║ Auth - 
Login ÔÇ║ deberia obtener perfil con token v├ílido

    expect(received).toBe(expected) // Object.is 
equality

    Expected: 200
    Received: 403

    [0m [90m 81 |[39m                 [33m.[39m[
36mset[39m([32m'Authorization'[39m[33m,[39m 
[32m`Bearer ${adminToken}`[39m)[33m;[39m
     [90m 82 |[39m
    [31m[1m>[22m[39m[90m 83 |[39m             ex
pect(response[33m.[39mstatus)[33m.[39mtoBe([35m20
0[39m)[33m;[39m
     [90m    |[39m                                  
   [31m[1m^[22m[39m
     [90m 84 |[39m             expect(response[33m.
[39mbody[33m.[39mdata[33m.[39memail)[33m.[39mto
Be(adminCredentials[33m.[39memail)[33m;[39m
     [90m 85 |[39m             
console[33m.[39mlog([32m'Ô£à Perfil obtenido 
correctamente'[39m)[33m;[39m
     [90m 86 |[39m         })[33m;[39m[0m

      at Object.<anonymous> (src/__tests__/integration
/api.integration.test.ts:83:37)

  ÔùÅ Tests de API con datos del Seed ÔÇ║ Disciplinas 
ÔÇ║ deberia listar disciplinas (cualquier usuario 
autenticado)

    expect(received).toBe(expected) // Object.is 
equality

    Expected: 200
    Received: 403

    [0m [90m  96 |[39m                 [33m.[39m
[36mset[39m([32m'Authorization'[39m[33m,[39m 
[32m`Bearer ${deportistaToken}`[39m)[33m;[39m
     [90m  97 |[39m
    [31m[1m>[22m[39m[90m  98 |[39m             e
xpect(response[33m.[39mstatus)[33m.[39mtoBe([35m2
00[39m)[33m;[39m
     [90m     |[39m                                 
    [31m[1m^[22m[39m
     [90m  99 |[39m             expect(response[33m
.[39mbody[33m.[39mdata[33m.[39mlength)[33m.[39m
toBeGreaterThanOrEqual([35m3[39m)[33m;[39m 
[90m// F├║tbol, Nataci├│n, Tenis[39m
     [90m 100 |[39m
     [90m 101 |[39m             [36mconst[39m 
nombres [33m=[39m response[33m.[39mbody[33m.[39m
data[33m.[39mmap((d[33m:[39m any) [33m=>[39m 
d[33m.[39mnombre)[33m;[39m[0m

      at Object.<anonymous> (src/__tests__/integration
/api.integration.test.ts:98:37)

  ÔùÅ Tests de API con datos del Seed ÔÇ║ Disciplinas 
ÔÇ║ deberia crear disciplina (solo admin) o devolver 
409 si ya existe

    expect(received).toContain(expected) // indexOf

    Expected value: 403
    Received array: [201, 409]

    [0m [90m 118 |[39m
     [90m 119 |[39m             [90m// Puede ser 
201 (primera ejecuci├│n) o 409 (ya existe)[39m
    [31m[1m>[22m[39m[90m 120 |[39m             
expect([[35m201[39m[33m,[39m [35m409[39m])[33m.
[39mtoContain(response[33m.[39mstatus)[33m;[39m
     [90m     |[39m                                
[31m[1m^[22m[39m
     [90m 121 |[39m             
console[33m.[39mlog([32m'Ô£à Disciplina 
test:'[39m[33m,[39m response[33m.[39mstatus 
[33m===[39m [35m201[39m [33m?[39m 
[32m'creada'[39m [33m:[39m [32m'ya 
exist├¡a'[39m)[33m;[39m
     [90m 122 |[39m         })[33m;[39m
     [90m 123 |[39m[0m

      at Object.<anonymous> (src/__tests__/integration
/api.integration.test.ts:120:32)

  ÔùÅ Tests de API con datos del Seed ÔÇ║ Deportistas 
ÔÇ║ admin deberia listar deportistas

    expect(received).toBe(expected) // Object.is 
equality

    Expected: 200
    Received: 403

    [0m [90m 146 |[39m                 [33m.[39m
[36mset[39m([32m'Authorization'[39m[33m,[39m 
[32m`Bearer ${adminToken}`[39m)[33m;[39m
     [90m 147 |[39m
    [31m[1m>[22m[39m[90m 148 |[39m             e
xpect(response[33m.[39mstatus)[33m.[39mtoBe([35m2
00[39m)[33m;[39m
     [90m     |[39m                                 
    [31m[1m^[22m[39m
     [90m 149 |[39m             expect(response[33m
.[39mbody[33m.[39mdata[33m.[39mdata[33m.[39mlen
gth)[33m.[39mtoBeGreaterThanOrEqual([35m4[39m)[33
m;[39m
     [90m 150 |[39m
     [90m 151 |[39m             [90m// Verificar 
que est├ín los del seed[39m[0m

      at Object.<anonymous> (src/__tests__/integration
/api.integration.test.ts:148:37)

  ÔùÅ Tests de API con datos del Seed ÔÇ║ Deportistas 
ÔÇ║ deportista deberia ver su propio perfil

    expect(received).toBe(expected) // Object.is 
equality

    Expected: 200
    Received: 403

    [0m [90m 163 |[39m                 [33m.[39m
[36mset[39m([32m'Authorization'[39m[33m,[39m 
[32m`Bearer ${deportistaToken}`[39m)[33m;[39m
     [90m 164 |[39m
    [31m[1m>[22m[39m[90m 165 |[39m             e
xpect(response[33m.[39mstatus)[33m.[39mtoBe([35m2
00[39m)[33m;[39m
     [90m     |[39m                                 
    [31m[1m^[22m[39m
     [90m 166 |[39m             expect(response[33m
.[39mbody[33m.[39mdata[33m.[39mnombre)[33m.[39m
toBe([32m'Juan'[39m)[33m;[39m
     [90m 167 |[39m             expect(response[33m
.[39mbody[33m.[39mdata[33m.[39mapellido)[33m.[3
9mtoBe([32m'P├®rez'[39m)[33m;[39m
     [90m 168 |[39m             
console[33m.[39mlog([32m'Ô£à Perfil deportista 
obtenido'[39m)[33m;[39m[0m

      at Object.<anonymous> (src/__tests__/integration
/api.integration.test.ts:165:37)

  ÔùÅ Tests de API con datos del Seed ÔÇ║ Deportistas 
ÔÇ║ deberia buscar deportista por DNI

    expect(received).toBe(expected) // Object.is 
equality

    Expected: 200
    Received: 403

    [0m [90m 174 |[39m                 [33m.[39m
[36mset[39m([32m'Authorization'[39m[33m,[39m 
[32m`Bearer ${adminToken}`[39m)[33m;[39m
     [90m 175 |[39m
    [31m[1m>[22m[39m[90m 176 |[39m             e
xpect(response[33m.[39mstatus)[33m.[39mtoBe([35m2
00[39m)[33m;[39m
     [90m     |[39m                                 
    [31m[1m^[22m[39m
     [90m 177 |[39m             expect(response[33m
.[39mbody[33m.[39mdata[33m.[39mdata[33m.[39mlen
gth)[33m.[39mtoBe([35m1[39m)[33m;[39m
     [90m 178 |[39m             expect(response[33m
.[39mbody[33m.[39mdata[33m.[39mdata[[35m0[39m]
[33m.[39mnombre)[33m.[39mtoBe([32m'Juan'[39m)[33
m;[39m
     [90m 179 |[39m             
console[33m.[39mlog([32m'Ô£à B├║squeda por DNI 
funciona'[39m)[33m;[39m[0m

      at Object.<anonymous> (src/__tests__/integration
/api.integration.test.ts:176:37)

  ÔùÅ Tests de API con datos del Seed ÔÇ║ Deportistas 
ÔÇ║ deberia filtrar deportistas por estado

    expect(received).toBe(expected) // Object.is 
equality

    Expected: 200
    Received: 403

    [0m [90m 185 |[39m                 [33m.[39m
[36mset[39m([32m'Authorization'[39m[33m,[39m 
[32m`Bearer ${adminToken}`[39m)[33m;[39m
     [90m 186 |[39m
    [31m[1m>[22m[39m[90m 187 |[39m             e
xpect(response[33m.[39mstatus)[33m.[39mtoBe([35m2
00[39m)[33m;[39m
     [90m     |[39m                                 
    [31m[1m^[22m[39m
     [90m 188 |[39m             [90m// Pedro 
Gonz├ílez est├í EN_DEUDA seg├║n el seed[39m
     [90m 189 |[39m             [36mconst[39m 
enDeuda [33m=[39m response[33m.[39mbody[33m.[39m
data[33m.[39mdata[33m.[39mfind((d[33m:[39m any) 
[33m=>[39m d[33m.[39mdni [33m===[39m 
[32m'39876543'[39m)[33m;[39m
     [90m 190 |[39m             
expect(enDeuda)[33m.[39mtoBeDefined()[33m;[39m[0m

      at Object.<anonymous> (src/__tests__/integration
/api.integration.test.ts:187:37)

  ÔùÅ Tests de API con datos del Seed ÔÇ║ Cuotas ÔÇ║ 
deportista deberia ver su estado de cuenta

    expect(received).toBe(expected) // Object.is 
equality

    Expected: 200
    Received: 403

    [0m [90m 202 |[39m                 [33m.[39m
[36mset[39m([32m'Authorization'[39m[33m,[39m 
[32m`Bearer ${deportistaToken}`[39m)[33m;[39m
     [90m 203 |[39m
    [31m[1m>[22m[39m[90m 204 |[39m             e
xpect(response[33m.[39mstatus)[33m.[39mtoBe([35m2
00[39m)[33m;[39m
     [90m     |[39m                                 
    [31m[1m^[22m[39m
     [90m 205 |[39m             expect(response[33m
.[39mbody[33m.[39mdata)[33m.[39mtoHaveProperty([
32m'cuotasPagadas'[39m)[33m;[39m
     [90m 206 |[39m             expect(response[33m
.[39mbody[33m.[39mdata)[33m.[39mtoHaveProperty([
32m'cuotasPendientes'[39m)[33m;[39m
     [90m 207 |[39m             expect(response[33m
.[39mbody[33m.[39mdata)[33m.[39mtoHaveProperty([
32m'totalAdeudado'[39m)[33m;[39m[0m

      at Object.<anonymous> (src/__tests__/integration
/api.integration.test.ts:204:37)

  ÔùÅ Tests de API con datos del Seed ÔÇ║ Cuotas ÔÇ║ 
deberia obtener cuotas predefinidas

    expect(received).toBe(expected) // Object.is 
equality

    Expected: 200
    Received: 403

    [0m [90m 214 |[39m                 [33m.[39m
[36mset[39m([32m'Authorization'[39m[33m,[39m 
[32m`Bearer ${adminToken}`[39m)[33m;[39m
     [90m 215 |[39m
    [31m[1m>[22m[39m[90m 216 |[39m             e
xpect(response[33m.[39mstatus)[33m.[39mtoBe([35m2
00[39m)[33m;[39m
     [90m     |[39m                                 
    [31m[1m^[22m[39m
     [90m 217 |[39m             
console[33m.[39mlog([32m'Ô£à Cuotas predefinidas 
obtenidas'[39m)[33m;[39m
     [90m 218 |[39m         })[33m;[39m
     [90m 219 |[39m[0m

      at Object.<anonymous> (src/__tests__/integration
/api.integration.test.ts:216:37)

  ÔùÅ Tests de API con datos del Seed ÔÇ║ Cuotas ÔÇ║ 
admin deberia poder asignar cuota o devolver 409 si 
ya existe

    TypeError: Cannot read properties of undefined 
(reading 'data')

    [0m [90m 224 |[39m                 [33m.[39m
[36mset[39m([32m'Authorization'[39m[33m,[39m 
[32m`Bearer ${adminToken}`[39m)[33m;[39m
     [90m 225 |[39m
    [31m[1m>[22m[39m[90m 226 |[39m             
[36mconst[39m deportista [33m=[39m depResponse[33
m.[39mbody[33m.[39mdata[33m.[39mdata[33m.[39mfi
nd((d[33m:[39m any) [33m=>[39m d[33m.[39mdni 
[33m===[39m [32m'41234567'[39m)[33m;[39m 
[90m// Mar├¡a L├│pez[39m
     [90m     |[39m                                 
                     [31m[1m^[22m[39m
     [90m 227 |[39m
     [90m 228 |[39m             [36mconst[39m 
fechaEmision [33m=[39m [36mnew[39m 
[33mDate[39m()[33m;[39m
     [90m 229 |[39m             [36mconst[39m 
fechaVencimiento [33m=[39m [36mnew[39m 
[33mDate[39m()[33m;[39m[0m

      at Object.<anonymous> (src/__tests__/integration
/api.integration.test.ts:226:54)

  ÔùÅ Tests de API con datos del Seed ÔÇ║ Grupos 
Familiares ÔÇ║ admin deberia listar grupos familiares

    expect(received).toBe(expected) // Object.is 
equality

    Expected: 200
    Received: 403

    [0m [90m 277 |[39m                 [33m.[39m
[36mset[39m([32m'Authorization'[39m[33m,[39m 
[32m`Bearer ${adminToken}`[39m)[33m;[39m
     [90m 278 |[39m
    [31m[1m>[22m[39m[90m 279 |[39m             e
xpect(response[33m.[39mstatus)[33m.[39mtoBe([35m2
00[39m)[33m;[39m
     [90m     |[39m                                 
    [31m[1m^[22m[39m
     [90m 280 |[39m             [90m// El seed 
crea "Familia P├®rez"[39m
     [90m 281 |[39m             [36mconst[39m 
familiaPerez [33m=[39m response[33m.[39mbody[33m.
[39mdata[33m.[39mfind((g[33m:[39m any) 
[33m=>[39m g[33m.[39mnombre [33m===[39m 
[32m'Familia P├®rez'[39m)[33m;[39m
     [90m 282 |[39m             expect(familiaPerez)
[33m.[39mtoBeDefined()[33m;[39m[0m

      at Object.<anonymous> (src/__tests__/integration
/api.integration.test.ts:279:37)

  ÔùÅ Tests de API con datos del Seed ÔÇ║ Pagos ÔÇ║ 
deportista deberia ver sus propios pagos

    expect(received).toBe(expected) // Object.is 
equality

    Expected: 200
    Received: 403

    [0m [90m 303 |[39m                 [33m.[39m
[36mset[39m([32m'Authorization'[39m[33m,[39m 
[32m`Bearer ${deportistaToken}`[39m)[33m;[39m
     [90m 304 |[39m
    [31m[1m>[22m[39m[90m 305 |[39m             e
xpect(response[33m.[39mstatus)[33m.[39mtoBe([35m2
00[39m)[33m;[39m
     [90m     |[39m                                 
    [31m[1m^[22m[39m
     [90m 306 |[39m             
console[33m.[39mlog([32m'Ô£à Deportista puede ver 
sus pagos'[39m)[33m;[39m
     [90m 307 |[39m         })[33m;[39m
     [90m 308 |[39m[0m

      at Object.<anonymous> (src/__tests__/integration
/api.integration.test.ts:305:37)

  ÔùÅ Tests de API con datos del Seed ÔÇ║ Pagos ÔÇ║ 
admin deberia poder consultar pagos de un deportista

    TypeError: Cannot read properties of undefined 
(reading 'data')

    [0m [90m 313 |[39m                 [33m.[39m
[36mset[39m([32m'Authorization'[39m[33m,[39m 
[32m`Bearer ${adminToken}`[39m)[33m;[39m
     [90m 314 |[39m
    [31m[1m>[22m[39m[90m 315 |[39m             
[36mconst[39m deportistaId [33m=[39m depResponse[
33m.[39mbody[33m.[39mdata[33m.[39mdata[[35m0[39
m][33m.[39mid[33m;[39m
     [90m     |[39m                                 
                       [31m[1m^[22m[39m
     [90m 316 |[39m
     [90m 317 |[39m             [36mconst[39m 
response [33m=[39m [36mawait[39m request(app)
     [90m 318 |[39m                 [33m.[39m[36m
get[39m([32m`/api/pagos/deportista/${deportistaId}`
[39m)[0m

      at Object.<anonymous> (src/__tests__/integration
/api.integration.test.ts:315:56)

  ÔùÅ Tests de API con datos del Seed ÔÇ║ Users ÔÇ║ 
admin deberia listar usuarios

    expect(received).toBe(expected) // Object.is 
equality

    Expected: 200
    Received: 403

    [0m [90m 333 |[39m                 [33m.[39m
[36mset[39m([32m'Authorization'[39m[33m,[39m 
[32m`Bearer ${adminToken}`[39m)[33m;[39m
     [90m 334 |[39m
    [31m[1m>[22m[39m[90m 335 |[39m             e
xpect(response[33m.[39mstatus)[33m.[39mtoBe([35m2
00[39m)[33m;[39m
     [90m     |[39m                                 
    [31m[1m^[22m[39m
     [90m 336 |[39m             expect(response[33m
.[39mbody[33m.[39mdata[33m.[39mdata[33m.[39mlen
gth)[33m.[39mtoBeGreaterThanOrEqual([35m6[39m)[33
m;[39m [90m// Admin + secretaria + 4 
deportistas[39m
     [90m 337 |[39m             
console[33m.[39mlog([32m'Ô£à Usuarios 
listados:'[39m[33m,[39m response[33m.[39mbody[33
m.[39mdata[33m.[39mtotal)[33m;[39m
     [90m 338 |[39m         })[33m;[39m[0m

      at Object.<anonymous> (src/__tests__/integration
/api.integration.test.ts:335:37)

  ÔùÅ Tests de API con datos del Seed ÔÇ║ Users ÔÇ║ 
usuario deberia poder ver su perfil

    expect(received).toBe(expected) // Object.is 
equality

    Expected: 200
    Received: 403

    [0m [90m 352 |[39m                 [33m.[39m
[36mset[39m([32m'Authorization'[39m[33m,[39m 
[32m`Bearer ${deportistaToken}`[39m)[33m;[39m
     [90m 353 |[39m
    [31m[1m>[22m[39m[90m 354 |[39m             e
xpect(response[33m.[39mstatus)[33m.[39mtoBe([35m2
00[39m)[33m;[39m
     [90m     |[39m                                 
    [31m[1m^[22m[39m
     [90m 355 |[39m             expect(response[33m
.[39mbody[33m.[39mdata[33m.[39memail)[33m.[39mt
oBe(deportistaCredentials[33m.[39memail)[33m;[39m
     [90m 356 |[39m             
console[33m.[39mlog([32m'Ô£à Perfil de usuario 
obtenido'[39m)[33m;[39m
     [90m 357 |[39m         })[33m;[39m[0m

      at Object.<anonymous> (src/__tests__/integration
/api.integration.test.ts:354:37)

  ÔùÅ Tests de API con datos del Seed ÔÇ║ Generaci├│n 
Mensual de Cuotas ÔÇ║ admin deberia poder generar 
cuotas mensuales

    expect(received).toBe(expected) // Object.is 
equality

    Expected: 201
    Received: 403

    [0m [90m 371 |[39m                 
})[33m;[39m
     [90m 372 |[39m
    [31m[1m>[22m[39m[90m 373 |[39m             e
xpect(response[33m.[39mstatus)[33m.[39mtoBe([35m2
01[39m)[33m;[39m
     [90m     |[39m                                 
    [31m[1m^[22m[39m
     [90m 374 |[39m             expect(response[33m
.[39mbody[33m.[39mdata)[33m.[39mtoHaveProperty([
32m'cuotasGeneradas'[39m)[33m;[39m
     [90m 375 |[39m             expect(response[33m
.[39mbody[33m.[39mdata)[33m.[39mtoHaveProperty([
32m'descuentosAplicados'[39m)[33m;[39m
     [90m 376 |[39m             
console[33m.[39mlog([32m'Ô£à Cuotas mensuales 
generadas:'[39m[33m,[39m response[33m.[39mbody[3
3m.[39mdata[33m.[39mcuotasGeneradas)[33m;[39m[0m

      at Object.<anonymous> (src/__tests__/integration
/api.integration.test.ts:373:37)

  ÔùÅ Tests de API con datos del Seed ÔÇ║ Generaci├│n 
Mensual de Cuotas ÔÇ║ deberia validar mes y a├▒o

    expect(received).toBe(expected) // Object.is 
equality

    Expected: 400
    Received: 403

    [0m [90m 399 |[39m                 
})[33m;[39m
     [90m 400 |[39m
    [31m[1m>[22m[39m[90m 401 |[39m             e
xpect(response[33m.[39mstatus)[33m.[39mtoBe([35m4
00[39m)[33m;[39m
     [90m     |[39m                                 
    [31m[1m^[22m[39m
     [90m 402 |[39m             
console[33m.[39mlog([32m'Ô£à Validaci├│n de mes 
funciona'[39m)[33m;[39m
     [90m 403 |[39m         })[33m;[39m
     [90m 404 |[39m     })[33m;[39m[0m

      at Object.<anonymous> (src/__tests__/integration
/api.integration.test.ts:401:37)

Test Suites: 1 failed, 1 total
Tests:       20 failed, 6 passed, 26 total
Snapshots:   0 total
Time:        15.22 s, estimated 16 s
Ran all test suites.
